resuming: 60 trials already recorded
60 trials to run, condition=reasoning_on
[  1/60] add-row-aligned-short      t0    91.5s  tok= 3070    eta 90m
[  2/60] add-row-aligned-short      t1    77.1s  tok= 2648    eta 82m
[  3/60] add-row-aligned-short      t2    57.0s  tok= 1961    eta 71m
[  4/60] add-row-aligned-short      t3    89.7s  tok= 3068    eta 74m
[  5/60] add-row-aligned-short      t4    63.9s  tok= 2200    eta 70m
[  6/60] add-row-aligned-short      t5    89.7s  tok= 3068    eta 70m
[  7/60] add-row-aligned-short      t6    32.2s  tok= 1119    eta 63m
[  8/60] add-row-aligned-short      t7    53.3s  tok= 1841    eta 60m
[  9/60] add-row-aligned-short      t8    50.7s  tok= 1754    eta 57m
[ 10/60] add-row-aligned-short      t9    89.7s  tok= 3070    eta 58m
[ 11/60] add-row-aligned-repad      t0    65.4s  tok= 2192    eta 56m
[ 12/60] add-row-aligned-repad      t1    92.3s  tok= 3157    eta 57m
[ 13/60] add-row-aligned-repad      t2    92.4s  tok= 3158    eta 57m
[ 14/60] add-row-aligned-repad      t3    89.2s  tok= 3048    eta 57m
[ 15/60] add-row-aligned-repad      t4    64.0s  tok= 2199    eta 55m
[ 16/60] add-row-aligned-repad      t5    92.2s  tok= 3149    eta 55m
[ 17/60] add-row-aligned-repad      t6    56.6s  tok= 1951    eta 53m
[ 18/60] add-row-aligned-repad      t7    68.8s  tok= 2365    eta 51m
[ 19/60] add-row-aligned-repad      t8    92.7s  tok= 3156    eta 51m
[ 20/60] add-row-aligned-repad      t9    91.1s  tok= 3113    eta 50m
[ 21/60] add-row-ragged             t0    11.2s  tok=  313    eta 47m
[ 22/60] add-row-ragged             t1    31.2s  tok= 1086    eta 44m
[ 23/60] add-row-ragged             t2    66.7s  tok= 2278    eta 43m
[ 24/60] add-row-ragged             t3     8.4s  tok=  289    eta 40m
[ 25/60] add-row-ragged             t4     7.2s  tok=  249    eta 38m
[ 26/60] add-row-ragged             t5    18.2s  tok=  634    eta 36m
[ 27/60] add-row-ragged             t6    19.9s  tok=  689    eta 34m
[ 28/60] add-row-ragged             t7    22.1s  tok=  770    eta 32m
[ 29/60] add-row-ragged             t8    90.2s  tok= 3067    eta 32m
[ 30/60] add-row-ragged             t9    35.6s  tok= 1232    eta 30m
[ 31/60] add-row-alignment-markers  t0    20.7s  tok=  642    eta 29m
[ 32/60] add-row-alignment-markers  t1    11.0s  tok=  380    eta 27m
[ 33/60] add-row-alignment-markers  t2    16.8s  tok=  586    eta 25m
[ 34/60] add-row-alignment-markers  t3    26.7s  tok=  931    eta 24m
[ 35/60] add-row-alignment-markers  t4     8.6s  tok=  283    eta 23m
[ 36/60] add-row-alignment-markers  t5     9.6s  tok=  331    eta 21m
[ 37/60] add-row-alignment-markers  t6    53.6s  tok= 1852    eta 20m
[ 38/60] add-row-alignment-markers  t7    34.7s  tok= 1180    eta 19m
[ 39/60] add-row-alignment-markers  t8    17.2s  tok=  582    eta 18m
[ 40/60] add-row-alignment-markers  t9    28.0s  tok=  970    eta 17m
[ 41/60] delete-row-aligned         t0    18.6s  tok=  567    eta 16m
[ 42/60] delete-row-aligned         t1    23.7s  tok=  823    eta 15m
[ 43/60] delete-row-aligned         t2    10.8s  tok=  363    eta 14m
[ 44/60] delete-row-aligned         t3     9.7s  tok=  335    eta 13m
[ 45/60] delete-row-aligned         t4    10.2s  tok=  355    eta 12m
[ 46/60] delete-row-aligned         t5    10.2s  tok=  354    eta 11m
[ 47/60] delete-row-aligned         t6    10.5s  tok=  363    eta 10m
[ 48/60] delete-row-aligned         t7    15.4s  tok=  537    eta 9m
[ 49/60] delete-row-aligned         t8    10.7s  tok=  363    eta 8m
[ 50/60] delete-row-aligned         t9    10.4s  tok=  364    eta 7m
[ 51/60] update-cell-multi-table    t0     9.7s  tok=  229    eta 6m
[ 52/60] update-cell-multi-table    t1     2.2s  tok=   73    eta 6m
[ 53/60] update-cell-multi-table    t2     8.2s  tok=  284    eta 5m
[ 54/60] update-cell-multi-table    t3     4.9s  tok=  168    eta 4m
[ 55/60] update-cell-multi-table    t4     5.7s  tok=  197    eta 3m
[ 56/60] update-cell-multi-table    t5     2.2s  tok=   73    eta 3m
[ 57/60] update-cell-multi-table    t6     5.2s  tok=  181    eta 2m
[ 58/60] update-cell-multi-table    t7     6.7s  tok=  231    eta 1m
[ 59/60] update-cell-multi-table    t8     8.5s  tok=  295    eta 1m
[ 60/60] update-cell-multi-table    t9     5.0s  tok=  174    eta 0m
